// Jest Snapshot v1, https://goo.gl/fbAQLP

exports[`Tests of addInfoPage render addInfoPage 1`] = `
"<div class=\\"lp-content\\"><div class=\\"addInfo-container\\"><h2>Add Info</h2><form class=\\"addInfo-form\\" id=\\"signUpForm\\"><div class=\\"label-icon\\">
    <img class=\\"mail\\" src=\\"./assets/icons8-usuario-48 1.png\\" alt=\\"name\\">
    <label for=\\"name\\" class=\\"e-mail\\">Profile name</label></div><input name=\\"name\\" type=\\"text\\" placeholder=\\"Write down your name\\" required=\\"\\" id=\\"txtProfilename\\"><div class=\\"label-icon\\">
    <img class=\\"mail\\" src=\\"./assets/arroba.png\\" alt=\\"user\\">
    <label for=\\"username\\" class=\\"e-mail\\">Username</label></div><input name=\\"username\\" type=\\"text\\" placeholder=\\"Write down your username \\" required=\\"\\" id=\\"txtusername\\"><p id=\\"errorAreaUsername\\"></p><div class=\\"label-icon\\">
    <img class=\\"mail\\" src=\\"./assets/bio.png\\" alt=\\"bio\\">
    <label for=\\"bio\\" class=\\"e-mail\\">Bio</label></div><textarea name=\\"bio\\" placeholder=\\"Write down your bio\\"></textarea></form><input type=\\"button\\" class=\\"btn-accept\\" value=\\"Accept\\"><p id=\\"errorAreaForm\\"></p></div><div class=\\"landing-page-img\\"><header id=\\"header\\"><img class=\\"logo-book\\" src=\\"./assets/logo sin fondo 1.png\\" alt=\\"logo book reads\\"><img class=\\"titleBookReads\\" src=\\"./assets/nombre_sin_fondo-removebg-preview 1.png\\" alt=\\"titleBookReads\\"><h1 class=\\"sloganSN\\">Read with me</h1></header></div></div>"
`;
