// Jest Snapshot v1, https://goo.gl/fbAQLP

exports[`Tests of feed render feed 1`] = `"<div class=\\"readingPage\\"><header class=\\"feed-header\\"><div class=\\"logo-title\\"><img class=\\"logo-book-feed\\" src=\\"./assets/logo sin fondo 1.png\\" alt=\\"logo book reads\\"><img class=\\"titleBookReads-feed\\" src=\\"./assets/bookreads-white-logo.png\\" alt=\\"titleBookReads\\"></div><img class=\\"config-menu\\" src=\\"./assets/white-config-icon.png\\" alt=\\"configuration menu\\"></header><div class=\\"feed-content\\"><div><h2 class=\\"bookSuggest\\">Book suggestions:</h2></div><div class=\\"slideshow-container\\"><div class=\\"slide fade\\" style=\\"display: block;\\"><img src=\\"./assets/book1.png\\" alt=\\"BookOne\\"></div><div class=\\"slide fade\\" style=\\"display: none;\\"><img src=\\"./assets/book2.png\\" alt=\\"BookTwo\\"></div><div class=\\"slide fade\\" style=\\"display: none;\\"><img src=\\"./assets/book3.png\\" alt=\\"BookThree\\"></div><div class=\\"slide fade\\" style=\\"display: none;\\"><img src=\\"./assets/book4.png\\" alt=\\"BookFour\\"></div><a class=\\"btnPrev\\" id=\\"btnPrev\\">❮</a><a class=\\"btnNext\\" id=\\"btnNext\\">❯</a></div><div class=\\"make-new-post\\" id=\\"makeNewPost\\">What's on your mind?</div><form class=\\"reading-form\\" id=\\"readingForm\\"><div class=\\"reading-area\\"><div><label for=\\"reading\\" class=\\"reading\\">Reading:</label></div><input class=\\"book-title\\" id=\\"bookTitle\\" type=\\"text\\" placeholder=\\"What are you reading?\\" name=\\"bookTitle\\"></div><textarea class=\\"post-content\\" name=\\"postContent\\" placeholder=\\"What's on your mind?\\"></textarea><input type=\\"button\\" value=\\"Share\\" class=\\"new-post-button\\" id=\\"newPostButton\\"></form><div class=\\"posts\\" id=\\"postsArea\\"></div></div></div>"`;
